==> Making package: hibermachy-helper 0.1.0-1 (Sun Sep 13 23:19:59 2026)
==> Checking runtime dependencies...
==> Checking buildtime dependencies...
==> Retrieving sources...
  -> Found hibermachy-helper-0.1.0.tar.gz
  -> Found hibermachy-helper-0.1.0.tar.gz.sig
==> Validating source files with sha512sums...
    hibermachy-helper-0.1.0.tar.gz ... Passed
    hibermachy-helper-0.1.0.tar.gz.sig ... Passed
==> Verifying source file signatures with gpg...
    hibermachy-helper-0.1.0.tar.gz ... Passed
==> Removing existing $srcdir/ directory...
==> Extracting sources...
  -> Extracting hibermachy-helper-0.1.0.tar.gz with bsdtar
==> Starting build()...
   Compiling hibermachy-policy-helper v0.1.0 (/home/spitfulfr0g/Work/hibermachy/handoff/candidate-40f2577/package-build/src/hibermachy-helper-0.1.0)
    Finished `release` profile [optimized] target(s) in 2.25s
==> Entering fakeroot environment...
==> Starting package()...
==> Tidying install...
  -> Removing libtool files...
  -> Purging unreproducible ruby files...
  -> Removing static library files...
  -> Purging unwanted files...
  -> Stripping unneeded symbols from binaries and libraries...
Error while writing index for `/home/spitfulfr0g/Work/hibermachy/handoff/candidate-40f2577/package-build/pkg/hibermachy-helper/usr/libexec/hibermachy-policy-helper': No debugging symbols
gdb-add-index: No index was created for ./usr/libexec/hibermachy-policy-helper
gdb-add-index: [Was there no debuginfo? Was there already an index?]
  -> Compressing man and info pages...
==> Checking for packaging issues...
==> Creating package "hibermachy-helper"...
  -> Generating .PKGINFO file...
  -> Generating .BUILDINFO file...
  -> Adding install file...
  -> Generating .MTREE file...
  -> Compressing package...
==> Creating package "hibermachy-helper-debug"...
  -> Generating .PKGINFO file...
  -> Generating .BUILDINFO file...
  -> Generating .MTREE file...
  -> Compressing package...
==> Leaving fakeroot environment.
==> Finished making: hibermachy-helper 0.1.0-1 (Sun Sep 13 23:20:07 2026)
